CREATE TABLESPACE TOOLS                                                         
DATAFILE '/oracle//oradata/DMA12/tools01.dbf' SIZE 8388608 REUSE                
AUTOEXTEND ON NEXT 40                                                           
MAXSIZE 34359721984                                                             
EXTENT MANAGEMENT DICTIONARY                                                    
DEFAULT STORAGE (INITIAL 32768 NEXT 32768 MINEXTENTS 1 MAXEXTENTS 4096          
PCTINCREASE 0 )                                                                 
ONLINE;                                                                         
CREATE TABLESPACE RBS                                                           
DATAFILE '/oracle//oradata/DMA12/rbs01.dbf' SIZE 209715200 REUSE                
AUTOEXTEND ON NEXT 640                                                          
MAXSIZE 34359721984                                                             
EXTENT MANAGEMENT DICTIONARY                                                    
DEFAULT STORAGE (INITIAL 524288 NEXT 524288 MINEXTENTS 8 MAXEXTENTS 4096        
PCTINCREASE 50 )                                                                
ONLINE;                                                                         
CREATE TABLESPACE TEMP                                                          
DATAFILE '/oracle//oradata/DMA12/temp01.dbf' SIZE 71303168 REUSE                
AUTOEXTEND ON NEXT 80                                                           
MAXSIZE 34359721984                                                             
EXTENT MANAGEMENT DICTIONARY                                                    
DEFAULT STORAGE (INITIAL 65536 NEXT 65536 MINEXTENTS 1 MAXEXTENTS  PCTINCREASE 0
)                                                                               
ONLINE;                                                                         
CREATE TABLESPACE USERS                                                         
DATAFILE '/oracle//oradata/DMA12/users01.dbf' SIZE 10485760 REUSE               
AUTOEXTEND ON NEXT 160                                                          
MAXSIZE 34359721984                                                             
EXTENT MANAGEMENT DICTIONARY                                                    
DEFAULT STORAGE (INITIAL 131072 NEXT 131072 MINEXTENTS 1 MAXEXTENTS 4096        
PCTINCREASE 0 )                                                                 
ONLINE;                                                                         
CREATE TABLESPACE INDX                                                          
DATAFILE '/oracle//oradata/DMA12/indx01.dbf' SIZE 31457280 REUSE                
AUTOEXTEND ON NEXT 160                                                          
MAXSIZE 34359721984                                                             
EXTENT MANAGEMENT DICTIONARY                                                    
DEFAULT STORAGE (INITIAL 131072 NEXT 131072 MINEXTENTS 1 MAXEXTENTS 4096        
PCTINCREASE 0 )                                                                 
ONLINE;                                                                         
CREATE TABLESPACE TBS_DICORDB                                                   
DATAFILE '/oracle/oradata/DMA12/VPM/Tbs_DICORDB.dbf' SIZE 10485760 REUSE        
AUTOEXTEND ON NEXT 63                                                           
MAXSIZE 15728640                                                                
EXTENT MANAGEMENT DICTIONARY                                                    
DEFAULT STORAGE (INITIAL 16384 NEXT 57344 MINEXTENTS 1 MAXEXTENTS 200           
PCTINCREASE 10 )                                                                
ONLINE;                                                                         
CREATE TABLESPACE TBS_ADMIN                                                     
DATAFILE '/oracle/oradata/DMA12/VPM/Tbs_ADMIN.dbf' SIZE 10485760 REUSE          
AUTOEXTEND ON NEXT 63                                                           
MAXSIZE 15728640                                                                
EXTENT MANAGEMENT DICTIONARY                                                    
DEFAULT STORAGE (INITIAL 16384 NEXT 57344 MINEXTENTS 1 MAXEXTENTS 200           
PCTINCREASE 10 )                                                                
ONLINE;                                                                         
CREATE TABLESPACE TBS_PEOPLE                                                    
DATAFILE '/oracle/oradata/DMA12/VPM/Tbs_PEOPLE.dbf' SIZE 10485760 REUSE         
AUTOEXTEND ON NEXT 63                                                           
MAXSIZE 15728640                                                                
EXTENT MANAGEMENT DICTIONARY                                                    
DEFAULT STORAGE (INITIAL 16384 NEXT 57344 MINEXTENTS 1 MAXEXTENTS 200           
PCTINCREASE 10 )                                                                
ONLINE;                                                                         
CREATE TABLESPACE TBS_SECURITY                                                  
DATAFILE '/oracle/oradata/DMA12/VPM/Tbs_SECURITY.dbf' SIZE 10485760 REUSE       
AUTOEXTEND ON NEXT 63                                                           
MAXSIZE 15728640                                                                
EXTENT MANAGEMENT DICTIONARY                                                    
DEFAULT STORAGE (INITIAL 16384 NEXT 57344 MINEXTENTS 1 MAXEXTENTS 200           
PCTINCREASE 10 )                                                                
ONLINE;                                                                         
CREATE TABLESPACE TBS_DICO                                                      
DATAFILE '/oracle/oradata/DMA12/VPM/Tbs_DICO.dbf' SIZE 10485760 REUSE           
AUTOEXTEND ON NEXT 63                                                           
MAXSIZE 15728640                                                                
EXTENT MANAGEMENT DICTIONARY                                                    
DEFAULT STORAGE (INITIAL 16384 NEXT 57344 MINEXTENTS 1 MAXEXTENTS 200           
PCTINCREASE 10 )                                                                
ONLINE;                                                                         
CREATE TABLESPACE TBS_INDEX                                                     
DATAFILE '/oracle/oradata/DMA12/VPM/Tbs_INDEX.dbf' SIZE 10485760 REUSE          
AUTOEXTEND ON NEXT 63                                                           
MAXSIZE 15728640                                                                
EXTENT MANAGEMENT DICTIONARY                                                    
DEFAULT STORAGE (INITIAL 16384 NEXT 57344 MINEXTENTS 1 MAXEXTENTS 200           
PCTINCREASE 10 )                                                                
ONLINE;                                                                         
CREATE TABLESPACE TBS_CONFIG                                                    
DATAFILE '/oracle/oradata/DMA12/VPM/Tbs_CONFIG.dbf' SIZE 10485760 REUSE         
AUTOEXTEND ON NEXT 63                                                           
MAXSIZE 15728640                                                                
EXTENT MANAGEMENT DICTIONARY                                                    
DEFAULT STORAGE (INITIAL 16384 NEXT 57344 MINEXTENTS 1 MAXEXTENTS 200           
PCTINCREASE 10 )                                                                
ONLINE;                                                                         
CREATE TABLESPACE TBS_PUBSUB                                                    
DATAFILE '/oracle/oradata/DMA12/VPM/Tbs_PUBSUB.dbf' SIZE 10485760 REUSE         
AUTOEXTEND ON NEXT 63                                                           
MAXSIZE 15728640                                                                
EXTENT MANAGEMENT DICTIONARY                                                    
DEFAULT STORAGE (INITIAL 16384 NEXT 57344 MINEXTENTS 1 MAXEXTENTS 200           
PCTINCREASE 10 )                                                                
ONLINE;                                                                         
CREATE TABLESPACE TBS_PRODUCT                                                   
DATAFILE '/oracle/oradata/DMA12/VPM/Tbs_PRODUCT.dbf' SIZE 10485760 REUSE        
AUTOEXTEND ON NEXT 63                                                           
MAXSIZE 15728640                                                                
EXTENT MANAGEMENT DICTIONARY                                                    
DEFAULT STORAGE (INITIAL 16384 NEXT 57344 MINEXTENTS 1 MAXEXTENTS 200           
PCTINCREASE 10 )                                                                
ONLINE;                                                                         
CREATE TABLESPACE CDMCOR                                                        
DATAFILE '/oracle/oradata/DMA12/VPM/cdmcor' SIZE 3145728 REUSE                  
EXTENT MANAGEMENT DICTIONARY                                                    
DEFAULT STORAGE (INITIAL 40960 NEXT 40960 MINEXTENTS 1 MAXEXTENTS 505           
PCTINCREASE 50 )                                                                
ONLINE;                                                                         
CREATE TABLESPACE CDMLFR                                                        
DATAFILE '/oracle/oradata/DMA12/VPM/cdmlfr' SIZE 5242880 REUSE                  
EXTENT MANAGEMENT DICTIONARY                                                    
DEFAULT STORAGE (INITIAL 40960 NEXT 40960 MINEXTENTS 1 MAXEXTENTS 505           
PCTINCREASE 50 )                                                                
ONLINE;                                                                         
CREATE TABLESPACE CDMIND                                                        
DATAFILE '/oracle/oradata/DMA12/VPM/cdmind' SIZE 3145728 REUSE                  
EXTENT MANAGEMENT DICTIONARY                                                    
DEFAULT STORAGE (INITIAL 40960 NEXT 40960 MINEXTENTS 1 MAXEXTENTS 505           
PCTINCREASE 50 )                                                                
ONLINE;                                                                         
CREATE TABLESPACE CATIA                                                         
DATAFILE '/oracle/oradata/DMA12/VPM/CATIA' SIZE 5242880 REUSE                   
EXTENT MANAGEMENT DICTIONARY                                                    
DEFAULT STORAGE (INITIAL 40960 NEXT 40960 MINEXTENTS 1 MAXEXTENTS 505           
PCTINCREASE 50 )                                                                
ONLINE;                                                                         
CREATE TABLESPACE VPMENV                                                        
DATAFILE '/oracle/oradata/DMA12/VPM/VPMENV' SIZE 10485760 REUSE                 
EXTENT MANAGEMENT DICTIONARY                                                    
DEFAULT STORAGE (INITIAL 40960 NEXT 40960 MINEXTENTS 1 MAXEXTENTS 505           
PCTINCREASE 50 )                                                                
ONLINE;                                                                         
CREATE TABLESPACE DMAGS1                                                        
DATAFILE '/oracle/oradata/DMA12/DMAGS1' SIZE 41943040 REUSE                     
EXTENT MANAGEMENT DICTIONARY                                                    
DEFAULT STORAGE (INITIAL 40960 NEXT 40960 MINEXTENTS 1 MAXEXTENTS 505           
PCTINCREASE 50 )                                                                
ONLINE;                                                                         
CREATE TABLESPACE DMAGS1I                                                       
DATAFILE '/oracle/oradata/DMA12/DMAGS1I' SIZE 20971520 REUSE                    
EXTENT MANAGEMENT DICTIONARY                                                    
DEFAULT STORAGE (INITIAL 40960 NEXT 40960 MINEXTENTS 1 MAXEXTENTS 505           
PCTINCREASE 0 )                                                                 
ONLINE;                                                                         

PL/SQL procedure successfully completed.

